// Jest Snapshot v1, https://goo.gl/fbAQLP

exports[`withPhotos snapshot 1`] = `
<DocumentFragment>
  <withphotos />
</DocumentFragment>
`;
