// Jest Snapshot v1, https://goo.gl/fbAQLP

exports[`ImageLogin snapshot 1`] = `
<DocumentFragment>
  <img
    alt="img-login"
    class="sc-bdfBQB dsfeoR"
    src="[object Object]"
  />
</DocumentFragment>
`;
