// Jest Snapshot v1, https://goo.gl/fbAQLP

exports[`PhotoCard snapshot 1`] = `
<DocumentFragment>
  <article
    class="sc-bdfBQB ickrKr"
  />
</DocumentFragment>
`;
