// Jest Snapshot v1, https://goo.gl/fbAQLP

exports[`ListOfFavs snapshot 1`] = `
<DocumentFragment>
  <div
    class="sc-gsTEea gfDyNx"
  />
</DocumentFragment>
`;
