// Jest Snapshot v1, https://goo.gl/fbAQLP

exports[`ListOfPhotoCardsComponent snapshot 1`] = `
<DocumentFragment>
  <ul
    class="sc-bdfBQB gSvzUv"
  />
</DocumentFragment>
`;
