// Jest Snapshot v1, https://goo.gl/fbAQLP

exports[`Layout snapshot 1`] = `
<DocumentFragment>
  <section
    class="sc-hKgJUU iSwuVC"
  />
</DocumentFragment>
`;
